// Jest Snapshot v1, https://goo.gl/fbAQLP

exports[`renders correctly 1`] = `
<View
  accessible={true}
  focusable={true}
  isTVSelectable={true}
  onClick={[Function]}
  onResponderGrant={[Function]}
  onResponderMove={[Function]}
  onResponderRelease={[Function]}
  onResponderTerminate={[Function]}
  onResponderTerminationRequest={[Function]}
  onStartShouldSetResponder={[Function]}
  style={
    Object {
      "alignItems": "center",
      "backgroundColor": "white",
      "borderRadius": 4,
      "flexDirection": "row",
      "justifyContent": "center",
      "marginVertical": 5,
      "opacity": 1,
    }
  }
>
  <Text
    style={
      Array [
        Object {
          "color": "white",
          "fontSize": 20,
          "fontWeight": "700",
          "padding": 6,
        },
        Object {},
        Object {
          "fontSize": 10,
        },
        Object {},
      ]
    }
  >
    Button
  </Text>
</View>
`;
