// Jest Snapshot v1, https://goo.gl/fbAQLP

exports[`Dropdown component should render 1`] = `null`;
