// Jest Snapshot v1, https://goo.gl/fbAQLP

exports[`Input component should match snapshot 1`] = `
<View
  collapsable={true}
  pointerEvents="box-none"
  style={
    Object {
      "flex": 1,
    }
  }
>
  <View
    style={
      Array [
        Object {
          "height": 50,
          "marginVertical": 5,
        },
        Object {},
      ]
    }
    testID="parent"
  >
    <ScrollView
      keyboardShouldPersistTaps="never"
      scrollEnabled={false}
      style={
        Array [
          Object {},
          Object {},
        ]
      }
    >
      <TextInput
        allowFontScaling={true}
        placeholder="placeholder"
        rejectResponderTermination={true}
        secureTextEntry={false}
        style={
          Array [
            Object {
              "borderColor": "#282828",
              "borderRadius": 4,
              "borderWidth": 2,
              "color": "#282828",
              "flex": 1,
              "fontSize": 18,
              "height": 50,
              "padding": 10,
            },
            Object {},
          ]
        }
        underlineColorAndroid="transparent"
        value=""
      />
    </ScrollView>
  </View>
</View>
`;
