// Jest Snapshot v1, https://goo.gl/fbAQLP

exports[`ProfilePic component renders 1`] = `ShallowWrapper {}`;
