// Jest Snapshot v1, https://goo.gl/fbAQLP

exports[`Topbar component renders 1`] = `ShallowWrapper {}`;
