// Jest Snapshot v1, https://goo.gl/fbAQLP

exports[`Login screen renders 1`] = `ShallowWrapper {}`;
