// Jest Snapshot v1, https://goo.gl/fbAQLP

exports[`ReferFriends screen renders 1`] = `ShallowWrapper {}`;
