// Jest Snapshot v1, https://goo.gl/fbAQLP

exports[`Register screen should render 1`] = `
<View
  onLayout={[Function]}
  style={
    Array [
      Object {
        "backgroundColor": "white",
        "flex": 1,
        "flexDirection": "column",
        "justifyContent": "center",
      },
      Object {
        "paddingBottom": 0,
      },
    ]
  }
>
  <RCTScrollView
    contentContainerStyle={
      Object {
        "alignItems": "center",
        "justifyContent": "center",
        "paddingBottom": 100,
        "paddingTop": 50,
      }
    }
    style={
      Object {
        "flex": 1,
        "marginHorizontal": 10,
      }
    }
  >
    <View>
      <View
        style={
          Object {
            "alignItems": "center",
            "flexDirection": "column",
            "justifyContent": "center",
            "marginBottom": 20,
          }
        }
      >
        <View
          accessible={true}
          focusable={true}
          isTVSelectable={true}
          onClick={[Function]}
          onResponderGrant={[Function]}
          onResponderMove={[Function]}
          onResponderRelease={[Function]}
          onResponderTerminate={[Function]}
          onResponderTerminationRequest={[Function]}
          onStartShouldSetResponder={[Function]}
          style={
            Object {
              "backgroundColor": "#3490dc",
              "borderRadius": 50,
              "height": 100,
              "opacity": 1,
              "overflow": "hidden",
              "width": 100,
            }
          }
        />
        <Text
          style={
            Array [
              Object {
                "fontFamily": "System",
                "fontStyle": "italic",
                "fontWeight": "400",
              },
              Object {
                "marginTop": 5,
              },
            ]
          }
        >
          Click to upload profile image.
        </Text>
      </View>
      <View
        style={
          Object {
            "alignItems": "center",
            "backgroundColor": "#D0E5FD",
            "borderColor": "#BEDAFC",
            "borderRadius": 4,
            "borderWidth": 1,
            "flexDirection": "row",
            "justifyContent": "center",
            "marginBottom": 15,
            "padding": 10,
            "width": "100%",
          }
        }
      >
        <Text
          style={
            Array [
              Object {
                "fontFamily": "System",
                "fontWeight": "600",
              },
              Object {
                "color": "#124181",
                "fontSize": 18,
                "fontWeight": "400",
              },
            ]
          }
        >
          We value your privacy. We will only use your address information as the return address for the mailed letter.
        </Text>
      </View>
      <View
        accessible={true}
        focusable={true}
        isTVSelectable={true}
        onClick={[Function]}
        onResponderGrant={[Function]}
        onResponderMove={[Function]}
        onResponderRelease={[Function]}
        onResponderTerminate={[Function]}
        onResponderTerminationRequest={[Function]}
        onStartShouldSetResponder={[Function]}
        style={
          Object {
            "marginBottom": 10,
            "opacity": 1,
          }
        }
      >
        <Text
          style={
            Array [
              Object {
                "fontFamily": "System",
                "fontSize": 16,
                "fontWeight": "400",
              },
              Object {
                "color": "#3490dc",
                "textDecorationLine": "underline",
              },
            ]
          }
        >
          Already have an account?
        </Text>
      </View>
      <View
        accessible={true}
        focusable={true}
        isTVSelectable={true}
        onClick={[Function]}
        onResponderGrant={[Function]}
        onResponderMove={[Function]}
        onResponderRelease={[Function]}
        onResponderTerminate={[Function]}
        onResponderTerminationRequest={[Function]}
        onStartShouldSetResponder={[Function]}
        style={
          Object {
            "alignItems": "center",
            "backgroundColor": "#3490dc",
            "borderRadius": 4,
            "flexDirection": "row",
            "justifyContent": "center",
            "marginVertical": 5,
            "opacity": 1,
          }
        }
      >
        <Text
          style={
            Array [
              Object {
                "color": "white",
                "fontSize": 20,
                "fontWeight": "700",
                "padding": 6,
              },
              Object {},
              Object {},
              Object {},
            ]
          }
        >
          Dev Skip
        </Text>
      </View>
      <View
        style={
          Array [
            Object {
              "height": 50,
              "marginVertical": 5,
            },
            Object {
              "width": "100%",
            },
          ]
        }
      >
        <RCTScrollView
          keyboardShouldPersistTaps="never"
          scrollEnabled={false}
          style={
            Array [
              Object {},
              Object {},
            ]
          }
        >
          <View>
            <TextInput
              allowFontScaling={true}
              onBlur={[Function]}
              onChangeText={[Function]}
              onFocus={[Function]}
              placeholder="First Name"
              rejectResponderTermination={true}
              secureTextEntry={false}
              style={
                Array [
                  Object {
                    "borderColor": "#282828",
                    "borderRadius": 4,
                    "borderWidth": 2,
                    "color": "#282828",
                    "flex": 1,
                    "fontSize": 18,
                    "height": 50,
                    "padding": 10,
                  },
                  Object {},
                ]
              }
              underlineColorAndroid="transparent"
              value=""
            />
          </View>
        </RCTScrollView>
      </View>
      <View
        style={
          Array [
            Object {
              "height": 50,
              "marginVertical": 5,
            },
            Object {
              "width": "100%",
            },
          ]
        }
      >
        <RCTScrollView
          keyboardShouldPersistTaps="never"
          scrollEnabled={false}
          style={
            Array [
              Object {},
              Object {},
            ]
          }
        >
          <View>
            <TextInput
              allowFontScaling={true}
              onBlur={[Function]}
              onChangeText={[Function]}
              onFocus={[Function]}
              placeholder="Last Name"
              rejectResponderTermination={true}
              secureTextEntry={false}
              style={
                Array [
                  Object {
                    "borderColor": "#282828",
                    "borderRadius": 4,
                    "borderWidth": 2,
                    "color": "#282828",
                    "flex": 1,
                    "fontSize": 18,
                    "height": 50,
                    "padding": 10,
                  },
                  Object {},
                ]
              }
              underlineColorAndroid="transparent"
              value=""
            />
          </View>
        </RCTScrollView>
      </View>
      <View
        style={
          Object {
            "flexDirection": "row",
          }
        }
      >
        <View
          style={
            Array [
              Object {
                "height": 50,
                "marginVertical": 5,
              },
              Object {
                "width": "100%",
              },
            ]
          }
        >
          <RCTScrollView
            keyboardShouldPersistTaps="never"
            scrollEnabled={false}
            style={
              Array [
                Object {},
                Object {},
              ]
            }
          >
            <View>
              <TextInput
                allowFontScaling={true}
                onBlur={[Function]}
                onChangeText={[Function]}
                onFocus={[Function]}
                placeholder="Cell Phone Number"
                rejectResponderTermination={true}
                secureTextEntry={false}
                style={
                  Array [
                    Object {
                      "borderColor": "#282828",
                      "borderRadius": 4,
                      "borderWidth": 2,
                      "color": "#282828",
                      "flex": 1,
                      "fontSize": 18,
                      "height": 50,
                      "padding": 10,
                    },
                    Object {},
                  ]
                }
                underlineColorAndroid="transparent"
                value=""
              />
            </View>
          </RCTScrollView>
        </View>
      </View>
      <View
        style={
          Array [
            Object {
              "height": 50,
              "marginVertical": 5,
            },
            Object {
              "width": "100%",
            },
          ]
        }
      >
        <RCTScrollView
          keyboardShouldPersistTaps="never"
          scrollEnabled={false}
          style={
            Array [
              Object {},
              Object {},
            ]
          }
        >
          <View>
            <TextInput
              allowFontScaling={true}
              onBlur={[Function]}
              onChangeText={[Function]}
              onFocus={[Function]}
              placeholder="Address Line 1"
              rejectResponderTermination={true}
              secureTextEntry={false}
              style={
                Array [
                  Object {
                    "borderColor": "#282828",
                    "borderRadius": 4,
                    "borderWidth": 2,
                    "color": "#282828",
                    "flex": 1,
                    "fontSize": 18,
                    "height": 50,
                    "padding": 10,
                  },
                  Object {},
                ]
              }
              underlineColorAndroid="transparent"
              value=""
            />
          </View>
        </RCTScrollView>
      </View>
      <View
        style={
          Array [
            Object {
              "height": 50,
              "marginVertical": 5,
            },
            Object {
              "width": "100%",
            },
          ]
        }
      >
        <RCTScrollView
          keyboardShouldPersistTaps="never"
          scrollEnabled={false}
          style={
            Array [
              Object {},
              Object {},
            ]
          }
        >
          <View>
            <TextInput
              allowFontScaling={true}
              onBlur={[Function]}
              onChangeText={[Function]}
              onFocus={[Function]}
              placeholder="Address Line 2"
              rejectResponderTermination={true}
              secureTextEntry={false}
              style={
                Array [
                  Object {
                    "borderColor": "#282828",
                    "borderRadius": 4,
                    "borderWidth": 2,
                    "color": "#282828",
                    "flex": 1,
                    "fontSize": 18,
                    "height": 50,
                    "padding": 10,
                  },
                  Object {},
                ]
              }
              underlineColorAndroid="transparent"
              value=""
            />
          </View>
        </RCTScrollView>
      </View>
      <View
        style={
          Array [
            Object {
              "height": 50,
              "marginVertical": 5,
            },
            Object {
              "width": "100%",
            },
          ]
        }
      >
        <RCTScrollView
          keyboardShouldPersistTaps="never"
          scrollEnabled={false}
          style={
            Array [
              Object {},
              Object {},
            ]
          }
        >
          <View>
            <TextInput
              allowFontScaling={true}
              onBlur={[Function]}
              onChangeText={[Function]}
              onFocus={[Function]}
              placeholder="Country"
              rejectResponderTermination={true}
              secureTextEntry={false}
              style={
                Array [
                  Object {
                    "borderColor": "#282828",
                    "borderRadius": 4,
                    "borderWidth": 2,
                    "color": "#282828",
                    "flex": 1,
                    "fontSize": 18,
                    "height": 50,
                    "padding": 10,
                  },
                  Object {},
                ]
              }
              underlineColorAndroid="transparent"
              value=""
            />
          </View>
        </RCTScrollView>
      </View>
      <View
        style={
          Array [
            Object {
              "height": 50,
              "marginVertical": 5,
            },
            Object {
              "width": "100%",
            },
          ]
        }
      >
        <RCTScrollView
          keyboardShouldPersistTaps="never"
          scrollEnabled={false}
          style={
            Array [
              Object {},
              Object {},
            ]
          }
        >
          <View>
            <TextInput
              allowFontScaling={true}
              onBlur={[Function]}
              onChangeText={[Function]}
              onFocus={[Function]}
              placeholder="Zip Code"
              rejectResponderTermination={true}
              secureTextEntry={false}
              style={
                Array [
                  Object {
                    "borderColor": "#282828",
                    "borderRadius": 4,
                    "borderWidth": 2,
                    "color": "#282828",
                    "flex": 1,
                    "fontSize": 18,
                    "height": 50,
                    "padding": 10,
                  },
                  Object {},
                ]
              }
              underlineColorAndroid="transparent"
              value=""
            />
          </View>
        </RCTScrollView>
      </View>
      <View
        style={
          Array [
            Object {
              "height": 50,
              "marginVertical": 5,
            },
            Object {
              "width": "100%",
            },
          ]
        }
      >
        <RCTScrollView
          keyboardShouldPersistTaps="never"
          scrollEnabled={false}
          style={
            Array [
              Object {},
              Object {},
            ]
          }
        >
          <View>
            <TextInput
              allowFontScaling={true}
              onBlur={[Function]}
              onChangeText={[Function]}
              onFocus={[Function]}
              placeholder="City"
              rejectResponderTermination={true}
              secureTextEntry={false}
              style={
                Array [
                  Object {
                    "borderColor": "#282828",
                    "borderRadius": 4,
                    "borderWidth": 2,
                    "color": "#282828",
                    "flex": 1,
                    "fontSize": 18,
                    "height": 50,
                    "padding": 10,
                  },
                  Object {},
                ]
              }
              underlineColorAndroid="transparent"
              value=""
            />
          </View>
        </RCTScrollView>
      </View>
      <View
        style={
          Array [
            Object {
              "height": 50,
              "marginVertical": 5,
            },
            Object {
              "width": "100%",
            },
          ]
        }
      >
        <RCTScrollView
          keyboardShouldPersistTaps="never"
          scrollEnabled={false}
          style={
            Array [
              Object {},
              Object {},
            ]
          }
        >
          <View>
            <TextInput
              allowFontScaling={true}
              onBlur={[Function]}
              onChangeText={[Function]}
              onFocus={[Function]}
              placeholder="State"
              rejectResponderTermination={true}
              secureTextEntry={false}
              style={
                Array [
                  Object {
                    "borderColor": "#282828",
                    "borderRadius": 4,
                    "borderWidth": 2,
                    "color": "#282828",
                    "flex": 1,
                    "fontSize": 18,
                    "height": 50,
                    "padding": 10,
                  },
                  Object {},
                ]
              }
              underlineColorAndroid="transparent"
              value=""
            />
          </View>
        </RCTScrollView>
      </View>
      <View
        style={
          Array [
            Object {
              "height": 50,
              "marginVertical": 5,
            },
            Object {
              "width": "100%",
            },
          ]
        }
      >
        <RCTScrollView
          keyboardShouldPersistTaps="never"
          scrollEnabled={false}
          style={
            Array [
              Object {},
              Object {},
            ]
          }
        >
          <View>
            <TextInput
              allowFontScaling={true}
              onBlur={[Function]}
              onChangeText={[Function]}
              onFocus={[Function]}
              placeholder="Email"
              rejectResponderTermination={true}
              secureTextEntry={false}
              style={
                Array [
                  Object {
                    "borderColor": "#282828",
                    "borderRadius": 4,
                    "borderWidth": 2,
                    "color": "#282828",
                    "flex": 1,
                    "fontSize": 18,
                    "height": 50,
                    "padding": 10,
                  },
                  Object {},
                ]
              }
              underlineColorAndroid="transparent"
              value=""
            />
          </View>
        </RCTScrollView>
      </View>
      <View
        style={
          Array [
            Object {
              "height": 50,
              "marginVertical": 5,
            },
            Object {
              "width": "100%",
            },
          ]
        }
      >
        <RCTScrollView
          keyboardShouldPersistTaps="never"
          scrollEnabled={false}
          style={
            Array [
              Object {},
              Object {},
            ]
          }
        >
          <View>
            <TextInput
              allowFontScaling={true}
              onBlur={[Function]}
              onChangeText={[Function]}
              onFocus={[Function]}
              placeholder="Password"
              rejectResponderTermination={true}
              secureTextEntry={true}
              style={
                Array [
                  Object {
                    "borderColor": "#282828",
                    "borderRadius": 4,
                    "borderWidth": 2,
                    "color": "#282828",
                    "flex": 1,
                    "fontSize": 18,
                    "height": 50,
                    "padding": 10,
                  },
                  Object {},
                ]
              }
              underlineColorAndroid="transparent"
              value=""
            />
          </View>
        </RCTScrollView>
      </View>
      <View
        accessible={true}
        focusable={true}
        isTVSelectable={true}
        onClick={[Function]}
        onResponderGrant={[Function]}
        onResponderMove={[Function]}
        onResponderRelease={[Function]}
        onResponderTerminate={[Function]}
        onResponderTerminationRequest={[Function]}
        onStartShouldSetResponder={[Function]}
        style={
          Object {
            "alignItems": "center",
            "backgroundColor": "grey",
            "borderRadius": 4,
            "flexDirection": "row",
            "justifyContent": "center",
            "marginVertical": 5,
            "opacity": 1,
            "width": "100%",
          }
        }
      >
        <Text
          style={
            Array [
              Object {
                "color": "white",
                "fontSize": 20,
                "fontWeight": "700",
                "padding": 6,
              },
              Object {
                "color": "white",
                "fontSize": 20,
                "fontWeight": "700",
                "padding": 6,
              },
              Object {},
              Object {},
            ]
          }
        >
          Register
        </Text>
      </View>
    </View>
  </RCTScrollView>
</View>
`;
